QA output created by 087
Formatting 'TEST_DIR/t.IMGFMT', fmt=IMGFMT size=134217728 

=== Missing ID ===

Testing:
QMP_VERSION
{"return": {}}
{"error": {"class": "GenericError", "desc": "Block device needs an ID"}}
{"return": {}}
{"timestamp": {"seconds":  TIMESTAMP, "microseconds":  TIMESTAMP}, "event": "SHUTDOWN"}
{"timestamp": {"seconds":  TIMESTAMP, "microseconds":  TIMESTAMP}, "event": "DEVICE_TRAY_MOVED", "data": {"device": "ide1-cd0", "tray-open": true}}
{"timestamp": {"seconds":  TIMESTAMP, "microseconds":  TIMESTAMP}, "event": "DEVICE_TRAY_MOVED", "data": {"device": "floppy0", "tray-open": true}}


=== Duplicate ID ===

Testing:
QMP_VERSION
{"return": {}}
{"return": {}}
{"error": {"class": "GenericError", "desc": "Device with id 'disk' already exists"}}
{"error": {"class": "GenericError", "desc": "Device with node-name 'test-node' already exists"}}
main-loop: WARNING: I/O thread spun for 1000 iterations
{"error": {"class": "GenericError", "desc": "could not open disk image disk2: node-name=disk is conflicting with a device id"}}
{"error": {"class": "GenericError", "desc": "could not open disk image disk2: Duplicate node name"}}
{"error": {"class": "GenericError", "desc": "could not open disk image disk3: node-name=disk3 is conflicting with a device id"}}
{"return": {}}
{"timestamp": {"seconds":  TIMESTAMP, "microseconds":  TIMESTAMP}, "event": "SHUTDOWN"}
{"timestamp": {"seconds":  TIMESTAMP, "microseconds":  TIMESTAMP}, "event": "DEVICE_TRAY_MOVED", "data": {"device": "ide1-cd0", "tray-open": true}}
{"timestamp": {"seconds":  TIMESTAMP, "microseconds":  TIMESTAMP}, "event": "DEVICE_TRAY_MOVED", "data": {"device": "floppy0", "tray-open": true}}


=== aio=native without O_DIRECT ===

Testing:
QMP_VERSION
{"return": {}}
{"error": {"class": "GenericError", "desc": "aio=native requires cache.direct=true"}}
{"return": {}}
{"timestamp": {"seconds":  TIMESTAMP, "microseconds":  TIMESTAMP}, "event": "SHUTDOWN"}
{"timestamp": {"seconds":  TIMESTAMP, "microseconds":  TIMESTAMP}, "event": "DEVICE_TRAY_MOVED", "data": {"device": "ide1-cd0", "tray-open": true}}
{"timestamp": {"seconds":  TIMESTAMP, "microseconds":  TIMESTAMP}, "event": "DEVICE_TRAY_MOVED", "data": {"device": "floppy0", "tray-open": true}}


=== Encrypted image ===

Formatting 'TEST_DIR/t.IMGFMT', fmt=IMGFMT size=134217728 encryption=on 
Testing: -S
QMP_VERSION
{"return": {}}
{"error": {"class": "GenericError", "desc": "blockdev-add doesn't support encrypted devices"}}
{"return": {}}
{"timestamp": {"seconds":  TIMESTAMP, "microseconds":  TIMESTAMP}, "event": "SHUTDOWN"}
{"timestamp": {"seconds":  TIMESTAMP, "microseconds":  TIMESTAMP}, "event": "DEVICE_TRAY_MOVED", "data": {"device": "ide1-cd0", "tray-open": true}}
{"timestamp": {"seconds":  TIMESTAMP, "microseconds":  TIMESTAMP}, "event": "DEVICE_TRAY_MOVED", "data": {"device": "floppy0", "tray-open": true}}

Testing:
QMP_VERSION
{"return": {}}
{"error": {"class": "GenericError", "desc": "could not open disk image disk: Guest must be stopped for opening of encrypted image"}}
{"return": {}}
{"timestamp": {"seconds":  TIMESTAMP, "microseconds":  TIMESTAMP}, "event": "SHUTDOWN"}
{"timestamp": {"seconds":  TIMESTAMP, "microseconds":  TIMESTAMP}, "event": "DEVICE_TRAY_MOVED", "data": {"device": "ide1-cd0", "tray-open": true}}
{"timestamp": {"seconds":  TIMESTAMP, "microseconds":  TIMESTAMP}, "event": "DEVICE_TRAY_MOVED", "data": {"device": "floppy0", "tray-open": true}}

*** done
