QA output created by 095
Formatting 'TEST_DIR/t.IMGFMT', fmt=IMGFMT size=5242880 
Formatting 'TEST_DIR/t.IMGFMT', fmt=IMGFMT size=104857600 backing_file='TEST_DIR/t.IMGFMT.base' 
Formatting 'TEST_DIR/t.IMGFMT', fmt=IMGFMT size=104857600 backing_file='TEST_DIR/t.IMGFMT.snp1' 

=== Base image info before commit and resize ===
image: TEST_DIR/t.qcow2.base
file format: qcow2
virtual size: 5.0M (5242880 bytes)
disk size: 196K
cluster_size: 65536
Format specific information:
    compat: 1.1
    lazy refcounts: false

=== Running QEMU Live Commit Test ===

{"return": {}}
{"return": {}}
{"timestamp": {"seconds":  TIMESTAMP, "microseconds":  TIMESTAMP}, "event": "BLOCK_JOB_COMPLETED", "data": {"device": "test", "len": 104857600, "offset": 104857600, "speed": 0, "type": "commit"}}

=== Base image info after commit and resize ===
image: TEST_DIR/t.qcow2.base
file format: qcow2
virtual size: 100M (104857600 bytes)
disk size: 196K
cluster_size: 65536
Format specific information:
    compat: 1.1
    lazy refcounts: false
*** done
